
Memory Configuration

Name             Origin             Length             Attributes
bram             0x00000000         0x00001000
*default*        0x00000000         0xffffffff

Linker script and memory map

                0x00000000                __DYNAMIC = 0x0
                0x00000000                _BRAM_START = 0x0
                0x00001000                _BRAM_SIZE = 0x1000
                0x00001000                _BRAM_END = (_BRAM_START + _BRAM_SIZE)

.text           0x00000000      0x240
                0x00000000                _ftext = .
 *(.text .stub .text.* .gnu.linkonce.t.*)
 .text          0x00000000       0x8c crt0ram.o
                0x00000060                irq_enable
                0x00000000                _start
                0x00000084                jump
                0x0000006c                irq_mask
                0x00000078                irq_disable
                0x00000088                halt
 .text          0x0000008c       0x14 main.o
                0x0000008c                main
 .text          0x000000a0      0x1a0 soc-hw.o
                0x00000204                uart_putstr
                0x00000130                sleep
                0x000000bc                show_number
                0x000001b8                uart_getchar
                0x0000019c                uart_init
                0x000000f4                show_char
                0x000000d8                read_sw
                0x000000a0                read_number
                0x00000170                tic_init
                0x000001a0                uart_read
                0x00000114                show_led
                0x000001e0                uart_putchar
                0x00000240                _etext = .

.rodata         0x00000240        0x0
                0x00000240                . = ALIGN (0x4)
                0x00000240                _frodata = .
 *(.rodata .rodata.* .gnu.linkonce.r.*)
 *(.rodata1)
                0x00000240                _erodata = .

.data           0x00000240       0x14
                0x00000240                . = ALIGN (0x4)
                0x00000240                _fdata = .
 *(.data .data.* .gnu.linkonce.d.*)
 .data          0x00000240        0x0 crt0ram.o
 .data          0x00000240        0x0 main.o
 .data          0x00000240       0x14 soc-hw.o
                0x00000248                uart0
                0x0000024c                timer0
                0x00000250                gpio0
                0x00000240                key0
                0x00000244                bcd0
 *(.data1)
                0x00000260                _gp = ALIGN (0x10)
 *(.sdata .sdata.* .gnu.linkonce.s.*)
                0x00000254                _edata = .

.bss            0x00000254        0x4
                0x00000254                . = ALIGN (0x4)
                0x00000254                _fbss = .
 *(.dynsbss)
 *(.sbss .sbss.* .gnu.linkonce.sb.*)
 *(.scommon)
 *(.dynbss)
 *(.bss .bss.* .gnu.linkonce.b.*)
 .bss           0x00000254        0x0 crt0ram.o
 .bss           0x00000254        0x0 main.o
 .bss           0x00000254        0x4 soc-hw.o
                0x00000254                msec
 *(COMMON)
                0x00000258                _ebss = .
                0x00000258                _end = .
                0x00000ffc                PROVIDE (_fstack, 0xffc)
LOAD crt0ram.o
LOAD main.o
LOAD soc-hw.o
OUTPUT(image elf32-lm32)

.debug_abbrev   0x00000000      0x175
 .debug_abbrev  0x00000000       0x68 main.o
 .debug_abbrev  0x00000068      0x10d soc-hw.o

.debug_info     0x00000000      0x4bd
 .debug_info    0x00000000       0x9a main.o
 .debug_info    0x0000009a      0x423 soc-hw.o

.debug_line     0x00000000      0x28c
 .debug_line    0x00000000       0x63 main.o
 .debug_line    0x00000063      0x229 soc-hw.o

.debug_frame    0x00000000       0xf0
 .debug_frame   0x00000000       0x20 main.o
 .debug_frame   0x00000020       0xd0 soc-hw.o

.debug_loc      0x00000000       0xa6
 .debug_loc     0x00000000       0x26 main.o
 .debug_loc     0x00000026       0x80 soc-hw.o

.debug_pubnames
                0x00000000      0x113
 .debug_pubnames
                0x00000000       0x1b main.o
 .debug_pubnames
                0x0000001b       0xf8 soc-hw.o

.debug_aranges  0x00000000       0x40
 .debug_aranges
                0x00000000       0x20 main.o
 .debug_aranges
                0x00000020       0x20 soc-hw.o

.debug_str      0x00000000      0x1c0
 .debug_str     0x00000000       0x8d main.o
                                 0xa5 (size before relaxing)
 .debug_str     0x0000008d      0x133 soc-hw.o
                                0x1c2 (size before relaxing)

.comment        0x00000000       0x5a
 .comment       0x00000000       0x2d main.o
 .comment       0x0000002d       0x2d soc-hw.o
